../Core/Src/main.c:55:5:main	8	static
../Core/Src/main.c:119:6:SystemClock_Config	72	static
../Core/Src/main.c:159:13:MX_TIM1_Init	80	static
../Core/Src/main.c:228:13:MX_TIM2_Init	48	static
../Core/Src/main.c:290:13:MX_TIM3_Init	48	static
../Core/Src/main.c:351:13:MX_USART1_UART_Init	8	static
../Core/Src/main.c:372:13:MX_GPIO_Init	40	static
../Core/Src/main.c:418:6:control_device	56	static
../Core/Src/main.c:466:6:HAL_UART_RxCpltCallback	296	static
../Core/Src/main.c:540:6:Error_Handler	4	static,ignoring_inline_asm
